// Jest Snapshot v1, https://goo.gl/fbAQLP

exports[`renders correctly 1`] = `
<RCTSafeAreaView
  emulateUnlessSupported={true}
>
  <View
    style={
      Object {
        "backgroundColor": "#FFF",
        "borderRadius": 20,
        "margin": 20,
        "padding": 20,
      }
    }
  >
    <TextInput
      allowFontScaling={true}
      onChangeText={[Function]}
      placeholder="Enter Asteroid ID"
      rejectResponderTermination={true}
      style={
        Object {
          "borderRadius": 10,
          "borderWidth": 1,
          "height": 46,
          "margin": 12,
          "padding": 10,
        }
      }
      underlineColorAndroid="transparent"
      value=""
    />
    <View
      style={
        Object {
          "flexDirection": "row",
        }
      }
    >
      <View
        accessible={true}
        focusable={true}
        onClick={[Function]}
        onResponderGrant={[Function]}
        onResponderMove={[Function]}
        onResponderRelease={[Function]}
        onResponderTerminate={[Function]}
        onResponderTerminationRequest={[Function]}
        onStartShouldSetResponder={[Function]}
        style={
          Object {
            "alignItems": "center",
            "backgroundColor": "gray",
            "borderRadius": 10,
            "elevation": 4,
            "height": 46,
            "margin": 12,
            "opacity": 1,
            "padding": 14,
            "shadowColor": "#000",
            "shadowOffset": Object {
              "height": 1,
              "width": 0,
            },
            "shadowOpacity": 0.8,
            "shadowRadius": 1,
          }
        }
      >
        <Text
          style={
            Object {
              "color": "#FFF",
            }
          }
        >
          Submit
        </Text>
      </View>
      <View
        accessible={true}
        focusable={true}
        onClick={[Function]}
        onResponderGrant={[Function]}
        onResponderMove={[Function]}
        onResponderRelease={[Function]}
        onResponderTerminate={[Function]}
        onResponderTerminationRequest={[Function]}
        onStartShouldSetResponder={[Function]}
        style={
          Object {
            "alignItems": "center",
            "backgroundColor": "black",
            "borderRadius": 10,
            "elevation": 4,
            "height": 46,
            "margin": 12,
            "opacity": 1,
            "padding": 14,
            "shadowColor": "#000",
            "shadowOffset": Object {
              "height": 1,
              "width": 0,
            },
            "shadowOpacity": 0.8,
            "shadowRadius": 1,
          }
        }
      >
        <Text
          style={
            Object {
              "color": "#FFF",
            }
          }
        >
          Random Asteroid
        </Text>
      </View>
    </View>
  </View>
  <Modal
    animationType="slide"
    hardwareAccelerated={false}
    onRequestClose={[Function]}
    transparent={true}
    visible={false}
  >
    <View
      style={
        Object {
          "alignItems": "center",
          "flex": 1,
          "justifyContent": "center",
          "marginTop": 22,
        }
      }
    >
      <View
        style={
          Object {
            "alignItems": "center",
            "backgroundColor": "white",
            "borderRadius": 20,
            "elevation": 5,
            "margin": 20,
            "padding": 35,
            "shadowColor": "#000",
            "shadowOffset": Object {
              "height": 2,
              "width": 0,
            },
            "shadowOpacity": 0.25,
            "shadowRadius": 4,
          }
        }
      >
        <ActivityIndicator
          animating={true}
          color="#999999"
          hidesWhenStopped={true}
          size="small"
        />
        <Text
          style={
            Object {
              "marginTop": 15,
              "textAlign": "center",
            }
          }
        >
          Please Wait...
        </Text>
      </View>
    </View>
  </Modal>
  <Modal
    animationType="slide"
    hardwareAccelerated={false}
    onRequestClose={[Function]}
    transparent={true}
    visible={false}
  >
    <View
      style={
        Object {
          "alignItems": "center",
          "flex": 1,
          "justifyContent": "center",
          "marginTop": 22,
        }
      }
    >
      <View
        style={
          Object {
            "alignItems": "center",
            "backgroundColor": "white",
            "borderRadius": 20,
            "elevation": 5,
            "margin": 20,
            "padding": 35,
            "shadowColor": "#000",
            "shadowOffset": Object {
              "height": 2,
              "width": 0,
            },
            "shadowOpacity": 0.25,
            "shadowRadius": 4,
          }
        }
      >
        <Text
          style={
            Object {
              "marginBottom": 15,
              "textAlign": "center",
            }
          }
        >
          
        </Text>
        <View
          accessible={true}
          collapsable={false}
          focusable={true}
          onBlur={[Function]}
          onClick={[Function]}
          onFocus={[Function]}
          onResponderGrant={[Function]}
          onResponderMove={[Function]}
          onResponderRelease={[Function]}
          onResponderTerminate={[Function]}
          onResponderTerminationRequest={[Function]}
          onStartShouldSetResponder={[Function]}
          style={
            Array [
              Object {
                "borderRadius": 20,
                "elevation": 2,
                "padding": 10,
              },
              Object {
                "backgroundColor": "#2196F3",
              },
            ]
          }
        >
          <Text
            style={
              Object {
                "color": "white",
                "fontWeight": "bold",
                "textAlign": "center",
                "width": 60,
              }
            }
          >
             Ok 
          </Text>
        </View>
      </View>
    </View>
  </Modal>
</RCTSafeAreaView>
`;
